// Vitest Snapshot v1, https://vitest.dev/guide/snapshot.html

exports[`Combos > renders as expected 1`] = `
<div
  class="fade alert alert-info show"
  role="alert"
>
  <div
    class="alert-heading h4"
  >
    Pardon the mess
  </div>
  <p
    class="mb-0"
  >
    This 
    combos page
     is still a work in progress.
  </p>
</div>
`;
