// Vitest Snapshot v1, https://vitest.dev/guide/snapshot.html

exports[`Home > renders as expected 1`] = `
<div>
  <div
    class="p-5 mb-4 bg-body-tertiary rounded-3"
  >
    <h1
      class="display-5"
    >
      Welcome to atkit!
    </h1>
    <p>
      atkit is a toolkit for
       
      <a
        class="text-decoration-none"
        href="http://www.animationthrowdowngame.com"
      >
        Animation Throwdown: The Quest for Cards
      </a>
       
      game.
    </p>
  </div>
  <div
    class="fade alert alert-info show"
    role="alert"
  >
    <div
      class="alert-heading h4"
    >
      Pardon the mess
    </div>
    <p
      class="mb-0"
    >
      This 
      website
       is still a work in progress.
    </p>
  </div>
</div>
`;
