// Jest Snapshot v1, https://goo.gl/fbAQLP

exports[`Cards renders as expected 1`] = `
<div
  class="fade mt-3 alert alert-info show"
  role="alert"
>
  <div
    class="alert-heading h4"
  >
    Pardon the mess
  </div>
  <p
    class="mb-0"
  >
    This 
    cards page
     is still a work in progress.
  </p>
</div>
`;
